2026-06-15 22:26:50,336 NanoPlot 1.47.0 started with arguments Namespace(threads=4, verbose=False, store=False, raw=False, huge=False, outdir='QC/nanoplots/barcode05', no_static=False, prefix='barcode05_', tsv_stats=False, only_report=False, info_in_report=False, maxlength=None, minlength=None, drop_outliers=False, downsample=None, loglength=False, percentqual=False, alength=False, minqual=None, runtime_until=None, readtype='1D', barcoded=False, no_supplementary=False, color='#4CB391', colormap='Greens', format=['png'], plots=['dot'], legacy=None, listcolors=False, listcolormaps=False, no_N50=False, N50=True, title='barcode05_trimmed_primers', font_scale=1, dpi=300, hide_stats=False, fastq=['data/trimmed_primers/barcode05.fastq.gz'], fasta=None, fastq_rich=None, fastq_minimal=None, summary=None, bam=None, ubam=None, cram=None, pickle=None, feather=None, path='QC/nanoplots/barcode05/barcode05_')
2026-06-15 22:26:50,336 Python version is: 3.13.14 | packaged by conda-forge | (main, Jun 12 2026, 09:50:25) [GCC 14.3.0]
2026-06-15 22:26:50,383 Nanoget: Starting to collect statistics from plain fastq file.
2026-06-15 22:26:50,383 Nanoget: Decompressing gzipped fastq data/trimmed_primers/barcode05.fastq.gz
2026-06-15 22:26:51,873 Reduced DataFrame memory usage from 0.4334907531738281Mb to 0.4334907531738281Mb
2026-06-15 22:26:51,887 Nanoget: Gathered all metrics of 28401 reads
2026-06-15 22:26:51,914 Calculated statistics
2026-06-15 22:26:51,915 Using sequenced read lengths for plotting.
2026-06-15 22:26:51,916 NanoPlot:  Valid color #4CB391.
2026-06-15 22:26:51,917 NanoPlot:  Valid colormap Greens.
2026-06-15 22:26:51,918 NanoPlot:  Creating length plots for Read length.
2026-06-15 22:26:51,919 NanoPlot: Using 28401 reads with read length N50 of 904bp and maximum of 2352bp.
2026-06-15 22:26:52,059 Chromium init'ed with kwargs {}
2026-06-15 22:26:52,060 Found chromium path: /home/wolchear/.local/share/choreographer/deps/chrome-linux64/chrome
2026-06-15 22:26:52,061 Temp directory created: /tmp/tmpffb6x6e6.
2026-06-15 22:26:52,061 Opening browser.
2026-06-15 22:26:52,062 Temp directory created: /tmp/tmp6m_82cvf.
2026-06-15 22:26:52,062 Temporary directory at: /tmp/tmp6m_82cvf
2026-06-15 22:26:52,159 TemporaryDirectory.cleanup() worked.
2026-06-15 22:26:52,160 shutil.rmtree worked.
2026-06-15 22:26:52,160 Closing browser.
2026-06-15 22:26:52,179 TemporaryDirectory.cleanup() worked.
2026-06-15 22:26:52,179 shutil.rmtree worked.
2026-06-15 22:26:52,179 Cancelling tasks.
2026-06-15 22:26:52,179 Exiting Kaleido/Choreo.
2026-06-15 22:26:52,180 DPI helper failed for QC/nanoplots/barcode05/barcode05_WeightedHistogramReadlength.png: ('The browser seemed to close immediately after starting.', 'You can set the `logging.Logger` level lower to see more output.', 'You may try installing a known working copy of Chrome by running ', '`$ choreo_get_chrome`.It may be your browser auto-updated and will now work upon restart. The browser we tried to start is located at /home/wolchear/.local/share/choreographer/deps/chrome-linux64/chrome.'); falling back to explicit px size
2026-06-15 22:26:52,186 Chromium init'ed with kwargs {}
2026-06-15 22:26:52,186 Found chromium path: /home/wolchear/.local/share/choreographer/deps/chrome-linux64/chrome
2026-06-15 22:26:52,186 Temp directory created: /tmp/tmp_x19gik5.
2026-06-15 22:26:52,187 Opening browser.
2026-06-15 22:26:52,188 Temp directory created: /tmp/tmpq2bnok9e.
2026-06-15 22:26:52,188 Temporary directory at: /tmp/tmpq2bnok9e
2026-06-15 22:26:52,377 TemporaryDirectory.cleanup() worked.
2026-06-15 22:26:52,377 shutil.rmtree worked.
2026-06-15 22:26:52,377 Closing browser.
2026-06-15 22:26:52,386 TemporaryDirectory.cleanup() worked.
2026-06-15 22:26:52,386 shutil.rmtree worked.
2026-06-15 22:26:52,387 Cancelling tasks.
2026-06-15 22:26:52,387 Exiting Kaleido/Choreo.
2026-06-15 22:26:52,387 No static plots are saved due to an export problem:
2026-06-15 22:26:52,387 ('The browser seemed to close immediately after starting.', 'You can set the `logging.Logger` level lower to see more output.', 'You may try installing a known working copy of Chrome by running ', '`$ choreo_get_chrome`.It may be your browser auto-updated and will now work upon restart. The browser we tried to start is located at /home/wolchear/.local/share/choreographer/deps/chrome-linux64/chrome.')
2026-06-15 22:26:52,394 TemporaryDirectory.cleanup() worked.
2026-06-15 22:26:52,395 shutil.rmtree worked.
2026-06-15 22:26:52,395 TemporaryDirectory.cleanup() worked.
2026-06-15 22:26:52,395 shutil.rmtree worked.
2026-06-15 22:26:52,453 Chromium init'ed with kwargs {}
2026-06-15 22:26:52,454 Found chromium path: /home/wolchear/.local/share/choreographer/deps/chrome-linux64/chrome
2026-06-15 22:26:52,455 Temp directory created: /tmp/tmphn06ka1y.
2026-06-15 22:26:52,456 Opening browser.
2026-06-15 22:26:52,457 Temp directory created: /tmp/tmpd65jfcso.
2026-06-15 22:26:52,457 Temporary directory at: /tmp/tmpd65jfcso
2026-06-15 22:26:52,645 TemporaryDirectory.cleanup() worked.
2026-06-15 22:26:52,645 shutil.rmtree worked.
2026-06-15 22:26:52,645 Closing browser.
2026-06-15 22:26:52,680 TemporaryDirectory.cleanup() worked.
2026-06-15 22:26:52,681 shutil.rmtree worked.
2026-06-15 22:26:52,681 Cancelling tasks.
2026-06-15 22:26:52,681 Exiting Kaleido/Choreo.
2026-06-15 22:26:52,682 DPI helper failed for QC/nanoplots/barcode05/barcode05_WeightedLogTransformed_HistogramReadlength.png: ('The browser seemed to close immediately after starting.', 'You can set the `logging.Logger` level lower to see more output.', 'You may try installing a known working copy of Chrome by running ', '`$ choreo_get_chrome`.It may be your browser auto-updated and will now work upon restart. The browser we tried to start is located at /home/wolchear/.local/share/choreographer/deps/chrome-linux64/chrome.'); falling back to explicit px size
2026-06-15 22:26:52,685 Chromium init'ed with kwargs {}
2026-06-15 22:26:52,685 Found chromium path: /home/wolchear/.local/share/choreographer/deps/chrome-linux64/chrome
2026-06-15 22:26:52,686 Temp directory created: /tmp/tmp5e2biqy0.
2026-06-15 22:26:52,687 Opening browser.
2026-06-15 22:26:52,688 Temp directory created: /tmp/tmpp7f6gbnu.
2026-06-15 22:26:52,688 Temporary directory at: /tmp/tmpp7f6gbnu
2026-06-15 22:26:52,832 TemporaryDirectory.cleanup() worked.
2026-06-15 22:26:52,832 shutil.rmtree worked.
2026-06-15 22:26:52,832 Closing browser.
2026-06-15 22:26:52,871 TemporaryDirectory.cleanup() worked.
2026-06-15 22:26:52,872 shutil.rmtree worked.
2026-06-15 22:26:52,872 Cancelling tasks.
2026-06-15 22:26:52,872 Exiting Kaleido/Choreo.
2026-06-15 22:26:52,872 No static plots are saved due to an export problem:
2026-06-15 22:26:52,873 ('The browser seemed to close immediately after starting.', 'You can set the `logging.Logger` level lower to see more output.', 'You may try installing a known working copy of Chrome by running ', '`$ choreo_get_chrome`.It may be your browser auto-updated and will now work upon restart. The browser we tried to start is located at /home/wolchear/.local/share/choreographer/deps/chrome-linux64/chrome.')
2026-06-15 22:26:52,881 TemporaryDirectory.cleanup() worked.
2026-06-15 22:26:52,881 shutil.rmtree worked.
2026-06-15 22:26:52,881 TemporaryDirectory.cleanup() worked.
2026-06-15 22:26:52,882 shutil.rmtree worked.
2026-06-15 22:26:52,991 Chromium init'ed with kwargs {}
2026-06-15 22:26:52,991 Found chromium path: /home/wolchear/.local/share/choreographer/deps/chrome-linux64/chrome
2026-06-15 22:26:52,991 Temp directory created: /tmp/tmp21fipp33.
2026-06-15 22:26:52,992 Opening browser.
2026-06-15 22:26:52,994 Temp directory created: /tmp/tmp3bc0o9ev.
2026-06-15 22:26:52,995 Temporary directory at: /tmp/tmp3bc0o9ev
2026-06-15 22:26:53,150 TemporaryDirectory.cleanup() worked.
2026-06-15 22:26:53,150 shutil.rmtree worked.
2026-06-15 22:26:53,150 Closing browser.
2026-06-15 22:26:53,169 TemporaryDirectory.cleanup() worked.
2026-06-15 22:26:53,170 shutil.rmtree worked.
2026-06-15 22:26:53,170 Cancelling tasks.
2026-06-15 22:26:53,170 Exiting Kaleido/Choreo.
2026-06-15 22:26:53,170 DPI helper failed for QC/nanoplots/barcode05/barcode05_Non_weightedHistogramReadlength.png: ('The browser seemed to close immediately after starting.', 'You can set the `logging.Logger` level lower to see more output.', 'You may try installing a known working copy of Chrome by running ', '`$ choreo_get_chrome`.It may be your browser auto-updated and will now work upon restart. The browser we tried to start is located at /home/wolchear/.local/share/choreographer/deps/chrome-linux64/chrome.'); falling back to explicit px size
2026-06-15 22:26:53,173 Chromium init'ed with kwargs {}
2026-06-15 22:26:53,173 Found chromium path: /home/wolchear/.local/share/choreographer/deps/chrome-linux64/chrome
2026-06-15 22:26:53,175 Temp directory created: /tmp/tmpuuuwayb7.
2026-06-15 22:26:53,176 Opening browser.
2026-06-15 22:26:53,177 Temp directory created: /tmp/tmpb0haw9ng.
2026-06-15 22:26:53,177 Temporary directory at: /tmp/tmpb0haw9ng
2026-06-15 22:26:53,289 TemporaryDirectory.cleanup() worked.
2026-06-15 22:26:53,290 shutil.rmtree worked.
2026-06-15 22:26:53,290 Closing browser.
2026-06-15 22:26:53,308 TemporaryDirectory.cleanup() worked.
2026-06-15 22:26:53,309 shutil.rmtree worked.
2026-06-15 22:26:53,309 Cancelling tasks.
2026-06-15 22:26:53,309 Exiting Kaleido/Choreo.
2026-06-15 22:26:53,309 No static plots are saved due to an export problem:
2026-06-15 22:26:53,309 ('The browser seemed to close immediately after starting.', 'You can set the `logging.Logger` level lower to see more output.', 'You may try installing a known working copy of Chrome by running ', '`$ choreo_get_chrome`.It may be your browser auto-updated and will now work upon restart. The browser we tried to start is located at /home/wolchear/.local/share/choreographer/deps/chrome-linux64/chrome.')
2026-06-15 22:26:53,336 TemporaryDirectory.cleanup() worked.
2026-06-15 22:26:53,336 shutil.rmtree worked.
2026-06-15 22:26:53,336 TemporaryDirectory.cleanup() worked.
2026-06-15 22:26:53,337 shutil.rmtree worked.
2026-06-15 22:26:53,411 Chromium init'ed with kwargs {}
2026-06-15 22:26:53,412 Found chromium path: /home/wolchear/.local/share/choreographer/deps/chrome-linux64/chrome
2026-06-15 22:26:53,412 Temp directory created: /tmp/tmpg2jblpou.
2026-06-15 22:26:53,413 Opening browser.
2026-06-15 22:26:53,414 Temp directory created: /tmp/tmpkl5qalmr.
2026-06-15 22:26:53,414 Temporary directory at: /tmp/tmpkl5qalmr
2026-06-15 22:26:53,540 TemporaryDirectory.cleanup() worked.
2026-06-15 22:26:53,540 shutil.rmtree worked.
2026-06-15 22:26:53,540 Closing browser.
2026-06-15 22:26:53,558 TemporaryDirectory.cleanup() worked.
2026-06-15 22:26:53,558 shutil.rmtree worked.
2026-06-15 22:26:53,558 Cancelling tasks.
2026-06-15 22:26:53,558 Exiting Kaleido/Choreo.
2026-06-15 22:26:53,558 DPI helper failed for QC/nanoplots/barcode05/barcode05_Non_weightedLogTransformed_HistogramReadlength.png: ('The browser seemed to close immediately after starting.', 'You can set the `logging.Logger` level lower to see more output.', 'You may try installing a known working copy of Chrome by running ', '`$ choreo_get_chrome`.It may be your browser auto-updated and will now work upon restart. The browser we tried to start is located at /home/wolchear/.local/share/choreographer/deps/chrome-linux64/chrome.'); falling back to explicit px size
2026-06-15 22:26:53,561 Chromium init'ed with kwargs {}
2026-06-15 22:26:53,562 Found chromium path: /home/wolchear/.local/share/choreographer/deps/chrome-linux64/chrome
2026-06-15 22:26:53,562 Temp directory created: /tmp/tmps81gnqdg.
2026-06-15 22:26:53,563 Opening browser.
2026-06-15 22:26:53,564 Temp directory created: /tmp/tmpuoxt_08r.
2026-06-15 22:26:53,564 Temporary directory at: /tmp/tmpuoxt_08r
2026-06-15 22:26:53,697 TemporaryDirectory.cleanup() worked.
2026-06-15 22:26:53,697 shutil.rmtree worked.
2026-06-15 22:26:53,700 TemporaryDirectory.cleanup() worked.
2026-06-15 22:26:53,700 shutil.rmtree worked.
2026-06-15 22:26:53,700 Closing browser.
2026-06-15 22:26:53,710 TemporaryDirectory.cleanup() worked.
2026-06-15 22:26:53,711 shutil.rmtree worked.
2026-06-15 22:26:53,711 Cancelling tasks.
2026-06-15 22:26:53,711 Exiting Kaleido/Choreo.
2026-06-15 22:26:53,712 No static plots are saved due to an export problem:
2026-06-15 22:26:53,712 ('The browser seemed to close immediately after starting.', 'You can set the `logging.Logger` level lower to see more output.', 'You may try installing a known working copy of Chrome by running ', '`$ choreo_get_chrome`.It may be your browser auto-updated and will now work upon restart. The browser we tried to start is located at /home/wolchear/.local/share/choreographer/deps/chrome-linux64/chrome.')
2026-06-15 22:26:53,712 NanoPlot: Creating yield by minimal length plot for Read length.
2026-06-15 22:26:53,975 Chromium init'ed with kwargs {}
2026-06-15 22:26:53,976 Found chromium path: /home/wolchear/.local/share/choreographer/deps/chrome-linux64/chrome
2026-06-15 22:26:53,976 Temp directory created: /tmp/tmp4wo100d2.
2026-06-15 22:26:53,977 Opening browser.
2026-06-15 22:26:53,977 Temp directory created: /tmp/tmp4zgatgj1.
2026-06-15 22:26:53,977 Temporary directory at: /tmp/tmp4zgatgj1
2026-06-15 22:26:54,056 TemporaryDirectory.cleanup() worked.
2026-06-15 22:26:54,056 shutil.rmtree worked.
2026-06-15 22:26:54,056 Closing browser.
2026-06-15 22:26:54,065 TemporaryDirectory.cleanup() worked.
2026-06-15 22:26:54,065 shutil.rmtree worked.
2026-06-15 22:26:54,065 Cancelling tasks.
2026-06-15 22:26:54,065 Exiting Kaleido/Choreo.
2026-06-15 22:26:54,066 DPI helper failed for QC/nanoplots/barcode05/barcode05_Yield_By_Length.png: ('The browser seemed to close immediately after starting.', 'You can set the `logging.Logger` level lower to see more output.', 'You may try installing a known working copy of Chrome by running ', '`$ choreo_get_chrome`.It may be your browser auto-updated and will now work upon restart. The browser we tried to start is located at /home/wolchear/.local/share/choreographer/deps/chrome-linux64/chrome.'); falling back to explicit px size
2026-06-15 22:26:54,069 Chromium init'ed with kwargs {}
2026-06-15 22:26:54,069 Found chromium path: /home/wolchear/.local/share/choreographer/deps/chrome-linux64/chrome
2026-06-15 22:26:54,069 Temp directory created: /tmp/tmpx4bbw2r0.
2026-06-15 22:26:54,070 Opening browser.
2026-06-15 22:26:54,071 Temp directory created: /tmp/tmpt6mp1_01.
2026-06-15 22:26:54,071 Temporary directory at: /tmp/tmpt6mp1_01
2026-06-15 22:26:54,151 TemporaryDirectory.cleanup() worked.
2026-06-15 22:26:54,152 shutil.rmtree worked.
2026-06-15 22:26:54,152 Closing browser.
2026-06-15 22:26:54,161 TemporaryDirectory.cleanup() worked.
2026-06-15 22:26:54,161 shutil.rmtree worked.
2026-06-15 22:26:54,161 Cancelling tasks.
2026-06-15 22:26:54,161 Exiting Kaleido/Choreo.
2026-06-15 22:26:54,161 No static plots are saved due to an export problem:
2026-06-15 22:26:54,162 ('The browser seemed to close immediately after starting.', 'You can set the `logging.Logger` level lower to see more output.', 'You may try installing a known working copy of Chrome by running ', '`$ choreo_get_chrome`.It may be your browser auto-updated and will now work upon restart. The browser we tried to start is located at /home/wolchear/.local/share/choreographer/deps/chrome-linux64/chrome.')
2026-06-15 22:26:54,162 Created length plots
2026-06-15 22:26:54,162 NanoPlot: Creating Read lengths vs Average read quality plots using 28401 reads.
2026-06-15 22:26:54,181 TemporaryDirectory.cleanup() worked.
2026-06-15 22:26:54,181 shutil.rmtree worked.
2026-06-15 22:26:54,181 TemporaryDirectory.cleanup() worked.
2026-06-15 22:26:54,181 shutil.rmtree worked.
2026-06-15 22:26:54,262 Chromium init'ed with kwargs {}
2026-06-15 22:26:54,262 Found chromium path: /home/wolchear/.local/share/choreographer/deps/chrome-linux64/chrome
2026-06-15 22:26:54,262 Temp directory created: /tmp/tmp02c01k0m.
2026-06-15 22:26:54,263 Opening browser.
2026-06-15 22:26:54,263 Temp directory created: /tmp/tmppfx513mw.
2026-06-15 22:26:54,263 Temporary directory at: /tmp/tmppfx513mw
2026-06-15 22:26:54,327 TemporaryDirectory.cleanup() worked.
2026-06-15 22:26:54,327 shutil.rmtree worked.
2026-06-15 22:26:54,327 Closing browser.
2026-06-15 22:26:54,336 TemporaryDirectory.cleanup() worked.
2026-06-15 22:26:54,336 shutil.rmtree worked.
2026-06-15 22:26:54,336 Cancelling tasks.
2026-06-15 22:26:54,336 Exiting Kaleido/Choreo.
2026-06-15 22:26:54,337 DPI helper failed for QC/nanoplots/barcode05/barcode05_LengthvsQualityScatterPlot_dot.png: ('The browser seemed to close immediately after starting.', 'You can set the `logging.Logger` level lower to see more output.', 'You may try installing a known working copy of Chrome by running ', '`$ choreo_get_chrome`.It may be your browser auto-updated and will now work upon restart. The browser we tried to start is located at /home/wolchear/.local/share/choreographer/deps/chrome-linux64/chrome.'); falling back to explicit px size
2026-06-15 22:26:54,339 TemporaryDirectory.cleanup() worked.
2026-06-15 22:26:54,340 shutil.rmtree worked.
2026-06-15 22:26:54,340 Chromium init'ed with kwargs {}
2026-06-15 22:26:54,340 Found chromium path: /home/wolchear/.local/share/choreographer/deps/chrome-linux64/chrome
2026-06-15 22:26:54,341 Temp directory created: /tmp/tmpubyidg3u.
2026-06-15 22:26:54,341 Opening browser.
2026-06-15 22:26:54,342 Temp directory created: /tmp/tmptlm34353.
2026-06-15 22:26:54,342 Temporary directory at: /tmp/tmptlm34353
2026-06-15 22:26:54,408 TemporaryDirectory.cleanup() worked.
2026-06-15 22:26:54,408 shutil.rmtree worked.
2026-06-15 22:26:54,408 Closing browser.
2026-06-15 22:26:54,418 TemporaryDirectory.cleanup() worked.
2026-06-15 22:26:54,418 shutil.rmtree worked.
2026-06-15 22:26:54,418 Cancelling tasks.
2026-06-15 22:26:54,419 Exiting Kaleido/Choreo.
2026-06-15 22:26:54,419 No static plots are saved due to an export problem:
2026-06-15 22:26:54,419 ('The browser seemed to close immediately after starting.', 'You can set the `logging.Logger` level lower to see more output.', 'You may try installing a known working copy of Chrome by running ', '`$ choreo_get_chrome`.It may be your browser auto-updated and will now work upon restart. The browser we tried to start is located at /home/wolchear/.local/share/choreographer/deps/chrome-linux64/chrome.')
2026-06-15 22:26:54,419 Created LengthvsQual plot
2026-06-15 22:26:54,419 Writing html report.
2026-06-15 22:26:54,431 Finished!
2026-06-15 22:26:54,486 TemporaryDirectory.cleanup() worked.
2026-06-15 22:26:54,486 shutil.rmtree worked.
2026-06-15 22:26:54,486 TemporaryDirectory.cleanup() worked.
2026-06-15 22:26:54,486 shutil.rmtree worked.
