2026-06-15 22:30:57,858 NanoPlot 1.47.0 started with arguments Namespace(threads=4, verbose=False, store=False, raw=False, huge=False, outdir='QC/nanoplots/barcode13', no_static=False, prefix='barcode13_', tsv_stats=False, only_report=False, info_in_report=False, maxlength=None, minlength=None, drop_outliers=False, downsample=None, loglength=False, percentqual=False, alength=False, minqual=None, runtime_until=None, readtype='1D', barcoded=False, no_supplementary=False, color='#4CB391', colormap='Greens', format=['png'], plots=['dot'], legacy=None, listcolors=False, listcolormaps=False, no_N50=False, N50=True, title='barcode13_trimmed_primers', font_scale=1, dpi=300, hide_stats=False, fastq=['data/trimmed_primers/barcode13.fastq.gz'], fasta=None, fastq_rich=None, fastq_minimal=None, summary=None, bam=None, ubam=None, cram=None, pickle=None, feather=None, path='QC/nanoplots/barcode13/barcode13_')
2026-06-15 22:30:57,859 Python version is: 3.13.14 | packaged by conda-forge | (main, Jun 12 2026, 09:50:25) [GCC 14.3.0]
2026-06-15 22:30:57,901 Nanoget: Starting to collect statistics from plain fastq file.
2026-06-15 22:30:57,902 Nanoget: Decompressing gzipped fastq data/trimmed_primers/barcode13.fastq.gz
2026-06-15 22:30:58,765 Reduced DataFrame memory usage from 0.24521255493164062Mb to 0.24521255493164062Mb
2026-06-15 22:30:58,774 Nanoget: Gathered all metrics of 16062 reads
2026-06-15 22:30:58,793 Calculated statistics
2026-06-15 22:30:58,793 Using sequenced read lengths for plotting.
2026-06-15 22:30:58,794 NanoPlot:  Valid color #4CB391.
2026-06-15 22:30:58,794 NanoPlot:  Valid colormap Greens.
2026-06-15 22:30:58,795 NanoPlot:  Creating length plots for Read length.
2026-06-15 22:30:58,795 NanoPlot: Using 16062 reads with read length N50 of 881bp and maximum of 2189bp.
2026-06-15 22:30:58,894 Chromium init'ed with kwargs {}
2026-06-15 22:30:58,894 Found chromium path: /home/wolchear/.local/share/choreographer/deps/chrome-linux64/chrome
2026-06-15 22:30:58,895 Temp directory created: /tmp/tmp2um7ilae.
2026-06-15 22:30:58,896 Opening browser.
2026-06-15 22:30:58,896 Temp directory created: /tmp/tmpw1z3kfk8.
2026-06-15 22:30:58,897 Temporary directory at: /tmp/tmpw1z3kfk8
2026-06-15 22:30:58,957 TemporaryDirectory.cleanup() worked.
2026-06-15 22:30:58,958 shutil.rmtree worked.
2026-06-15 22:30:58,958 Closing browser.
2026-06-15 22:30:58,966 TemporaryDirectory.cleanup() worked.
2026-06-15 22:30:58,967 shutil.rmtree worked.
2026-06-15 22:30:58,967 Cancelling tasks.
2026-06-15 22:30:58,967 Exiting Kaleido/Choreo.
2026-06-15 22:30:58,967 DPI helper failed for QC/nanoplots/barcode13/barcode13_WeightedHistogramReadlength.png: ('The browser seemed to close immediately after starting.', 'You can set the `logging.Logger` level lower to see more output.', 'You may try installing a known working copy of Chrome by running ', '`$ choreo_get_chrome`.It may be your browser auto-updated and will now work upon restart. The browser we tried to start is located at /home/wolchear/.local/share/choreographer/deps/chrome-linux64/chrome.'); falling back to explicit px size
2026-06-15 22:30:58,970 Chromium init'ed with kwargs {}
2026-06-15 22:30:58,970 Found chromium path: /home/wolchear/.local/share/choreographer/deps/chrome-linux64/chrome
2026-06-15 22:30:58,970 Temp directory created: /tmp/tmph245vx39.
2026-06-15 22:30:58,971 Opening browser.
2026-06-15 22:30:58,971 Temp directory created: /tmp/tmpigi_w7ua.
2026-06-15 22:30:58,971 Temporary directory at: /tmp/tmpigi_w7ua
2026-06-15 22:30:59,039 TemporaryDirectory.cleanup() worked.
2026-06-15 22:30:59,039 shutil.rmtree worked.
2026-06-15 22:30:59,039 Closing browser.
2026-06-15 22:30:59,048 TemporaryDirectory.cleanup() worked.
2026-06-15 22:30:59,048 shutil.rmtree worked.
2026-06-15 22:30:59,048 Cancelling tasks.
2026-06-15 22:30:59,048 Exiting Kaleido/Choreo.
2026-06-15 22:30:59,048 No static plots are saved due to an export problem:
2026-06-15 22:30:59,048 ('The browser seemed to close immediately after starting.', 'You can set the `logging.Logger` level lower to see more output.', 'You may try installing a known working copy of Chrome by running ', '`$ choreo_get_chrome`.It may be your browser auto-updated and will now work upon restart. The browser we tried to start is located at /home/wolchear/.local/share/choreographer/deps/chrome-linux64/chrome.')
2026-06-15 22:30:59,053 TemporaryDirectory.cleanup() worked.
2026-06-15 22:30:59,054 shutil.rmtree worked.
2026-06-15 22:30:59,054 TemporaryDirectory.cleanup() worked.
2026-06-15 22:30:59,054 shutil.rmtree worked.
2026-06-15 22:30:59,094 Chromium init'ed with kwargs {}
2026-06-15 22:30:59,094 Found chromium path: /home/wolchear/.local/share/choreographer/deps/chrome-linux64/chrome
2026-06-15 22:30:59,094 Temp directory created: /tmp/tmpzhge6gdp.
2026-06-15 22:30:59,095 Opening browser.
2026-06-15 22:30:59,096 Temp directory created: /tmp/tmp4la9g_7n.
2026-06-15 22:30:59,096 Temporary directory at: /tmp/tmp4la9g_7n
2026-06-15 22:30:59,160 TemporaryDirectory.cleanup() worked.
2026-06-15 22:30:59,161 shutil.rmtree worked.
2026-06-15 22:30:59,161 Closing browser.
2026-06-15 22:30:59,178 TemporaryDirectory.cleanup() worked.
2026-06-15 22:30:59,178 shutil.rmtree worked.
2026-06-15 22:30:59,178 Cancelling tasks.
2026-06-15 22:30:59,178 Exiting Kaleido/Choreo.
2026-06-15 22:30:59,178 DPI helper failed for QC/nanoplots/barcode13/barcode13_WeightedLogTransformed_HistogramReadlength.png: ('The browser seemed to close immediately after starting.', 'You can set the `logging.Logger` level lower to see more output.', 'You may try installing a known working copy of Chrome by running ', '`$ choreo_get_chrome`.It may be your browser auto-updated and will now work upon restart. The browser we tried to start is located at /home/wolchear/.local/share/choreographer/deps/chrome-linux64/chrome.'); falling back to explicit px size
2026-06-15 22:30:59,180 Chromium init'ed with kwargs {}
2026-06-15 22:30:59,181 Found chromium path: /home/wolchear/.local/share/choreographer/deps/chrome-linux64/chrome
2026-06-15 22:30:59,181 Temp directory created: /tmp/tmpvmfb9gqj.
2026-06-15 22:30:59,181 Opening browser.
2026-06-15 22:30:59,182 Temp directory created: /tmp/tmplvki3fsa.
2026-06-15 22:30:59,182 Temporary directory at: /tmp/tmplvki3fsa
2026-06-15 22:30:59,252 TemporaryDirectory.cleanup() worked.
2026-06-15 22:30:59,252 shutil.rmtree worked.
2026-06-15 22:30:59,252 Closing browser.
2026-06-15 22:30:59,261 TemporaryDirectory.cleanup() worked.
2026-06-15 22:30:59,261 shutil.rmtree worked.
2026-06-15 22:30:59,261 Cancelling tasks.
2026-06-15 22:30:59,261 Exiting Kaleido/Choreo.
2026-06-15 22:30:59,261 No static plots are saved due to an export problem:
2026-06-15 22:30:59,261 ('The browser seemed to close immediately after starting.', 'You can set the `logging.Logger` level lower to see more output.', 'You may try installing a known working copy of Chrome by running ', '`$ choreo_get_chrome`.It may be your browser auto-updated and will now work upon restart. The browser we tried to start is located at /home/wolchear/.local/share/choreographer/deps/chrome-linux64/chrome.')
2026-06-15 22:30:59,264 TemporaryDirectory.cleanup() worked.
2026-06-15 22:30:59,264 shutil.rmtree worked.
2026-06-15 22:30:59,264 TemporaryDirectory.cleanup() worked.
2026-06-15 22:30:59,264 shutil.rmtree worked.
2026-06-15 22:30:59,307 Chromium init'ed with kwargs {}
2026-06-15 22:30:59,307 Found chromium path: /home/wolchear/.local/share/choreographer/deps/chrome-linux64/chrome
2026-06-15 22:30:59,308 Temp directory created: /tmp/tmpyqv75y2o.
2026-06-15 22:30:59,309 Opening browser.
2026-06-15 22:30:59,310 Temp directory created: /tmp/tmpywzr124w.
2026-06-15 22:30:59,310 Temporary directory at: /tmp/tmpywzr124w
2026-06-15 22:30:59,376 TemporaryDirectory.cleanup() worked.
2026-06-15 22:30:59,377 shutil.rmtree worked.
2026-06-15 22:30:59,377 Closing browser.
2026-06-15 22:30:59,385 TemporaryDirectory.cleanup() worked.
2026-06-15 22:30:59,385 shutil.rmtree worked.
2026-06-15 22:30:59,385 Cancelling tasks.
2026-06-15 22:30:59,386 Exiting Kaleido/Choreo.
2026-06-15 22:30:59,386 DPI helper failed for QC/nanoplots/barcode13/barcode13_Non_weightedHistogramReadlength.png: ('The browser seemed to close immediately after starting.', 'You can set the `logging.Logger` level lower to see more output.', 'You may try installing a known working copy of Chrome by running ', '`$ choreo_get_chrome`.It may be your browser auto-updated and will now work upon restart. The browser we tried to start is located at /home/wolchear/.local/share/choreographer/deps/chrome-linux64/chrome.'); falling back to explicit px size
2026-06-15 22:30:59,388 Chromium init'ed with kwargs {}
2026-06-15 22:30:59,388 Found chromium path: /home/wolchear/.local/share/choreographer/deps/chrome-linux64/chrome
2026-06-15 22:30:59,389 Temp directory created: /tmp/tmp6jw9clvs.
2026-06-15 22:30:59,390 Opening browser.
2026-06-15 22:30:59,390 Temp directory created: /tmp/tmpa6uuzm3u.
2026-06-15 22:30:59,390 Temporary directory at: /tmp/tmpa6uuzm3u
2026-06-15 22:30:59,473 TemporaryDirectory.cleanup() worked.
2026-06-15 22:30:59,473 shutil.rmtree worked.
2026-06-15 22:30:59,473 Closing browser.
2026-06-15 22:30:59,482 TemporaryDirectory.cleanup() worked.
2026-06-15 22:30:59,482 shutil.rmtree worked.
2026-06-15 22:30:59,482 Cancelling tasks.
2026-06-15 22:30:59,482 Exiting Kaleido/Choreo.
2026-06-15 22:30:59,482 No static plots are saved due to an export problem:
2026-06-15 22:30:59,482 ('The browser seemed to close immediately after starting.', 'You can set the `logging.Logger` level lower to see more output.', 'You may try installing a known working copy of Chrome by running ', '`$ choreo_get_chrome`.It may be your browser auto-updated and will now work upon restart. The browser we tried to start is located at /home/wolchear/.local/share/choreographer/deps/chrome-linux64/chrome.')
2026-06-15 22:30:59,491 TemporaryDirectory.cleanup() worked.
2026-06-15 22:30:59,491 shutil.rmtree worked.
2026-06-15 22:30:59,491 TemporaryDirectory.cleanup() worked.
2026-06-15 22:30:59,491 shutil.rmtree worked.
2026-06-15 22:30:59,539 Chromium init'ed with kwargs {}
2026-06-15 22:30:59,539 Found chromium path: /home/wolchear/.local/share/choreographer/deps/chrome-linux64/chrome
2026-06-15 22:30:59,539 Temp directory created: /tmp/tmp6pwt_toc.
2026-06-15 22:30:59,540 Opening browser.
2026-06-15 22:30:59,540 Temp directory created: /tmp/tmpfj_ujtgp.
2026-06-15 22:30:59,540 Temporary directory at: /tmp/tmpfj_ujtgp
2026-06-15 22:30:59,622 TemporaryDirectory.cleanup() worked.
2026-06-15 22:30:59,622 shutil.rmtree worked.
2026-06-15 22:30:59,622 Closing browser.
2026-06-15 22:30:59,632 TemporaryDirectory.cleanup() worked.
2026-06-15 22:30:59,632 shutil.rmtree worked.
2026-06-15 22:30:59,632 Cancelling tasks.
2026-06-15 22:30:59,633 Exiting Kaleido/Choreo.
2026-06-15 22:30:59,633 DPI helper failed for QC/nanoplots/barcode13/barcode13_Non_weightedLogTransformed_HistogramReadlength.png: ('The browser seemed to close immediately after starting.', 'You can set the `logging.Logger` level lower to see more output.', 'You may try installing a known working copy of Chrome by running ', '`$ choreo_get_chrome`.It may be your browser auto-updated and will now work upon restart. The browser we tried to start is located at /home/wolchear/.local/share/choreographer/deps/chrome-linux64/chrome.'); falling back to explicit px size
2026-06-15 22:30:59,636 Chromium init'ed with kwargs {}
2026-06-15 22:30:59,636 Found chromium path: /home/wolchear/.local/share/choreographer/deps/chrome-linux64/chrome
2026-06-15 22:30:59,637 Temp directory created: /tmp/tmp1lolqzcj.
2026-06-15 22:30:59,638 Opening browser.
2026-06-15 22:30:59,639 Temp directory created: /tmp/tmpv47hpz_y.
2026-06-15 22:30:59,639 Temporary directory at: /tmp/tmpv47hpz_y
2026-06-15 22:30:59,729 TemporaryDirectory.cleanup() worked.
2026-06-15 22:30:59,729 shutil.rmtree worked.
2026-06-15 22:30:59,734 TemporaryDirectory.cleanup() worked.
2026-06-15 22:30:59,734 shutil.rmtree worked.
2026-06-15 22:30:59,734 Closing browser.
2026-06-15 22:30:59,742 TemporaryDirectory.cleanup() worked.
2026-06-15 22:30:59,743 shutil.rmtree worked.
2026-06-15 22:30:59,743 Cancelling tasks.
2026-06-15 22:30:59,743 Exiting Kaleido/Choreo.
2026-06-15 22:30:59,743 No static plots are saved due to an export problem:
2026-06-15 22:30:59,743 ('The browser seemed to close immediately after starting.', 'You can set the `logging.Logger` level lower to see more output.', 'You may try installing a known working copy of Chrome by running ', '`$ choreo_get_chrome`.It may be your browser auto-updated and will now work upon restart. The browser we tried to start is located at /home/wolchear/.local/share/choreographer/deps/chrome-linux64/chrome.')
2026-06-15 22:30:59,743 NanoPlot: Creating yield by minimal length plot for Read length.
2026-06-15 22:30:59,904 Chromium init'ed with kwargs {}
2026-06-15 22:30:59,904 Found chromium path: /home/wolchear/.local/share/choreographer/deps/chrome-linux64/chrome
2026-06-15 22:30:59,905 Temp directory created: /tmp/tmp4buj5_gr.
2026-06-15 22:30:59,905 Opening browser.
2026-06-15 22:30:59,906 Temp directory created: /tmp/tmp503x9d9j.
2026-06-15 22:30:59,906 Temporary directory at: /tmp/tmp503x9d9j
2026-06-15 22:30:59,967 TemporaryDirectory.cleanup() worked.
2026-06-15 22:30:59,968 shutil.rmtree worked.
2026-06-15 22:30:59,968 Closing browser.
2026-06-15 22:30:59,976 TemporaryDirectory.cleanup() worked.
2026-06-15 22:30:59,976 shutil.rmtree worked.
2026-06-15 22:30:59,976 Cancelling tasks.
2026-06-15 22:30:59,977 Exiting Kaleido/Choreo.
2026-06-15 22:30:59,977 DPI helper failed for QC/nanoplots/barcode13/barcode13_Yield_By_Length.png: ('The browser seemed to close immediately after starting.', 'You can set the `logging.Logger` level lower to see more output.', 'You may try installing a known working copy of Chrome by running ', '`$ choreo_get_chrome`.It may be your browser auto-updated and will now work upon restart. The browser we tried to start is located at /home/wolchear/.local/share/choreographer/deps/chrome-linux64/chrome.'); falling back to explicit px size
2026-06-15 22:30:59,979 Chromium init'ed with kwargs {}
2026-06-15 22:30:59,979 Found chromium path: /home/wolchear/.local/share/choreographer/deps/chrome-linux64/chrome
2026-06-15 22:30:59,980 Temp directory created: /tmp/tmpeskt2vpq.
2026-06-15 22:30:59,980 Opening browser.
2026-06-15 22:30:59,981 Temp directory created: /tmp/tmp0u7j6tqs.
2026-06-15 22:30:59,981 Temporary directory at: /tmp/tmp0u7j6tqs
2026-06-15 22:31:00,058 TemporaryDirectory.cleanup() worked.
2026-06-15 22:31:00,059 shutil.rmtree worked.
2026-06-15 22:31:00,059 Closing browser.
2026-06-15 22:31:00,077 TemporaryDirectory.cleanup() worked.
2026-06-15 22:31:00,077 shutil.rmtree worked.
2026-06-15 22:31:00,077 Cancelling tasks.
2026-06-15 22:31:00,077 Exiting Kaleido/Choreo.
2026-06-15 22:31:00,078 No static plots are saved due to an export problem:
2026-06-15 22:31:00,078 ('The browser seemed to close immediately after starting.', 'You can set the `logging.Logger` level lower to see more output.', 'You may try installing a known working copy of Chrome by running ', '`$ choreo_get_chrome`.It may be your browser auto-updated and will now work upon restart. The browser we tried to start is located at /home/wolchear/.local/share/choreographer/deps/chrome-linux64/chrome.')
2026-06-15 22:31:00,078 Created length plots
2026-06-15 22:31:00,078 NanoPlot: Creating Read lengths vs Average read quality plots using 16062 reads.
2026-06-15 22:31:00,093 TemporaryDirectory.cleanup() worked.
2026-06-15 22:31:00,094 shutil.rmtree worked.
2026-06-15 22:31:00,094 TemporaryDirectory.cleanup() worked.
2026-06-15 22:31:00,094 shutil.rmtree worked.
2026-06-15 22:31:00,170 Chromium init'ed with kwargs {}
2026-06-15 22:31:00,170 Found chromium path: /home/wolchear/.local/share/choreographer/deps/chrome-linux64/chrome
2026-06-15 22:31:00,170 Temp directory created: /tmp/tmpj5kmums_.
2026-06-15 22:31:00,171 Opening browser.
2026-06-15 22:31:00,171 Temp directory created: /tmp/tmp_6p5w7lg.
2026-06-15 22:31:00,172 Temporary directory at: /tmp/tmp_6p5w7lg
2026-06-15 22:31:00,245 TemporaryDirectory.cleanup() worked.
2026-06-15 22:31:00,245 shutil.rmtree worked.
2026-06-15 22:31:00,245 Closing browser.
2026-06-15 22:31:00,254 TemporaryDirectory.cleanup() worked.
2026-06-15 22:31:00,254 shutil.rmtree worked.
2026-06-15 22:31:00,254 Cancelling tasks.
2026-06-15 22:31:00,254 Exiting Kaleido/Choreo.
2026-06-15 22:31:00,255 DPI helper failed for QC/nanoplots/barcode13/barcode13_LengthvsQualityScatterPlot_dot.png: ('The browser seemed to close immediately after starting.', 'You can set the `logging.Logger` level lower to see more output.', 'You may try installing a known working copy of Chrome by running ', '`$ choreo_get_chrome`.It may be your browser auto-updated and will now work upon restart. The browser we tried to start is located at /home/wolchear/.local/share/choreographer/deps/chrome-linux64/chrome.'); falling back to explicit px size
2026-06-15 22:31:00,259 TemporaryDirectory.cleanup() worked.
2026-06-15 22:31:00,259 shutil.rmtree worked.
2026-06-15 22:31:00,260 Chromium init'ed with kwargs {}
2026-06-15 22:31:00,260 Found chromium path: /home/wolchear/.local/share/choreographer/deps/chrome-linux64/chrome
2026-06-15 22:31:00,260 Temp directory created: /tmp/tmpet8cc6jg.
2026-06-15 22:31:00,260 Opening browser.
2026-06-15 22:31:00,261 Temp directory created: /tmp/tmp17ensbe_.
2026-06-15 22:31:00,261 Temporary directory at: /tmp/tmp17ensbe_
2026-06-15 22:31:00,337 TemporaryDirectory.cleanup() worked.
2026-06-15 22:31:00,337 shutil.rmtree worked.
2026-06-15 22:31:00,337 Closing browser.
2026-06-15 22:31:00,346 TemporaryDirectory.cleanup() worked.
2026-06-15 22:31:00,346 shutil.rmtree worked.
2026-06-15 22:31:00,346 Cancelling tasks.
2026-06-15 22:31:00,346 Exiting Kaleido/Choreo.
2026-06-15 22:31:00,346 No static plots are saved due to an export problem:
2026-06-15 22:31:00,346 ('The browser seemed to close immediately after starting.', 'You can set the `logging.Logger` level lower to see more output.', 'You may try installing a known working copy of Chrome by running ', '`$ choreo_get_chrome`.It may be your browser auto-updated and will now work upon restart. The browser we tried to start is located at /home/wolchear/.local/share/choreographer/deps/chrome-linux64/chrome.')
2026-06-15 22:31:00,346 Created LengthvsQual plot
2026-06-15 22:31:00,346 Writing html report.
2026-06-15 22:31:00,365 Finished!
2026-06-15 22:31:00,409 TemporaryDirectory.cleanup() worked.
2026-06-15 22:31:00,409 shutil.rmtree worked.
2026-06-15 22:31:00,409 TemporaryDirectory.cleanup() worked.
2026-06-15 22:31:00,409 shutil.rmtree worked.
