2026-06-15 22:30:10,771 NanoPlot 1.47.0 started with arguments Namespace(threads=4, verbose=False, store=False, raw=False, huge=False, outdir='QC/nanoplots/barcode17', no_static=False, prefix='barcode17_', tsv_stats=False, only_report=False, info_in_report=False, maxlength=None, minlength=None, drop_outliers=False, downsample=None, loglength=False, percentqual=False, alength=False, minqual=None, runtime_until=None, readtype='1D', barcoded=False, no_supplementary=False, color='#4CB391', colormap='Greens', format=['png'], plots=['dot'], legacy=None, listcolors=False, listcolormaps=False, no_N50=False, N50=True, title='barcode17_trimmed_primers', font_scale=1, dpi=300, hide_stats=False, fastq=['data/trimmed_primers/barcode17.fastq.gz'], fasta=None, fastq_rich=None, fastq_minimal=None, summary=None, bam=None, ubam=None, cram=None, pickle=None, feather=None, path='QC/nanoplots/barcode17/barcode17_')
2026-06-15 22:30:10,771 Python version is: 3.13.14 | packaged by conda-forge | (main, Jun 12 2026, 09:50:25) [GCC 14.3.0]
2026-06-15 22:30:10,819 Nanoget: Starting to collect statistics from plain fastq file.
2026-06-15 22:30:10,820 Nanoget: Decompressing gzipped fastq data/trimmed_primers/barcode17.fastq.gz
2026-06-15 22:30:11,000 Reduced DataFrame memory usage from 0.052661895751953125Mb to 0.052661895751953125Mb
2026-06-15 22:30:11,010 Nanoget: Gathered all metrics of 3443 reads
2026-06-15 22:30:11,025 Calculated statistics
2026-06-15 22:30:11,026 Using sequenced read lengths for plotting.
2026-06-15 22:30:11,027 NanoPlot:  Valid color #4CB391.
2026-06-15 22:30:11,027 NanoPlot:  Valid colormap Greens.
2026-06-15 22:30:11,028 NanoPlot:  Creating length plots for Read length.
2026-06-15 22:30:11,028 NanoPlot: Using 3443 reads with read length N50 of 966bp and maximum of 2092bp.
2026-06-15 22:30:11,130 Chromium init'ed with kwargs {}
2026-06-15 22:30:11,130 Found chromium path: /home/wolchear/.local/share/choreographer/deps/chrome-linux64/chrome
2026-06-15 22:30:11,131 Temp directory created: /tmp/tmp4z5szguz.
2026-06-15 22:30:11,132 Opening browser.
2026-06-15 22:30:11,133 Temp directory created: /tmp/tmpx7qo6soi.
2026-06-15 22:30:11,133 Temporary directory at: /tmp/tmpx7qo6soi
2026-06-15 22:30:11,193 TemporaryDirectory.cleanup() worked.
2026-06-15 22:30:11,193 shutil.rmtree worked.
2026-06-15 22:30:11,193 Closing browser.
2026-06-15 22:30:11,202 TemporaryDirectory.cleanup() worked.
2026-06-15 22:30:11,203 shutil.rmtree worked.
2026-06-15 22:30:11,203 Cancelling tasks.
2026-06-15 22:30:11,203 Exiting Kaleido/Choreo.
2026-06-15 22:30:11,203 DPI helper failed for QC/nanoplots/barcode17/barcode17_WeightedHistogramReadlength.png: ('The browser seemed to close immediately after starting.', 'You can set the `logging.Logger` level lower to see more output.', 'You may try installing a known working copy of Chrome by running ', '`$ choreo_get_chrome`.It may be your browser auto-updated and will now work upon restart. The browser we tried to start is located at /home/wolchear/.local/share/choreographer/deps/chrome-linux64/chrome.'); falling back to explicit px size
2026-06-15 22:30:11,206 Chromium init'ed with kwargs {}
2026-06-15 22:30:11,206 Found chromium path: /home/wolchear/.local/share/choreographer/deps/chrome-linux64/chrome
2026-06-15 22:30:11,206 Temp directory created: /tmp/tmpt0la4ssy.
2026-06-15 22:30:11,207 Opening browser.
2026-06-15 22:30:11,207 Temp directory created: /tmp/tmp4c48v539.
2026-06-15 22:30:11,207 Temporary directory at: /tmp/tmp4c48v539
2026-06-15 22:30:11,268 TemporaryDirectory.cleanup() worked.
2026-06-15 22:30:11,268 shutil.rmtree worked.
2026-06-15 22:30:11,268 Closing browser.
2026-06-15 22:30:11,277 TemporaryDirectory.cleanup() worked.
2026-06-15 22:30:11,277 shutil.rmtree worked.
2026-06-15 22:30:11,278 Cancelling tasks.
2026-06-15 22:30:11,278 Exiting Kaleido/Choreo.
2026-06-15 22:30:11,278 No static plots are saved due to an export problem:
2026-06-15 22:30:11,278 ('The browser seemed to close immediately after starting.', 'You can set the `logging.Logger` level lower to see more output.', 'You may try installing a known working copy of Chrome by running ', '`$ choreo_get_chrome`.It may be your browser auto-updated and will now work upon restart. The browser we tried to start is located at /home/wolchear/.local/share/choreographer/deps/chrome-linux64/chrome.')
2026-06-15 22:30:11,282 TemporaryDirectory.cleanup() worked.
2026-06-15 22:30:11,283 shutil.rmtree worked.
2026-06-15 22:30:11,283 TemporaryDirectory.cleanup() worked.
2026-06-15 22:30:11,283 shutil.rmtree worked.
2026-06-15 22:30:11,321 Chromium init'ed with kwargs {}
2026-06-15 22:30:11,321 Found chromium path: /home/wolchear/.local/share/choreographer/deps/chrome-linux64/chrome
2026-06-15 22:30:11,321 Temp directory created: /tmp/tmpu8syz81f.
2026-06-15 22:30:11,322 Opening browser.
2026-06-15 22:30:11,322 Temp directory created: /tmp/tmp7iog9239.
2026-06-15 22:30:11,323 Temporary directory at: /tmp/tmp7iog9239
2026-06-15 22:30:11,385 TemporaryDirectory.cleanup() worked.
2026-06-15 22:30:11,385 shutil.rmtree worked.
2026-06-15 22:30:11,385 Closing browser.
2026-06-15 22:30:11,391 TemporaryDirectory.cleanup() worked.
2026-06-15 22:30:11,391 shutil.rmtree worked.
2026-06-15 22:30:11,391 Cancelling tasks.
2026-06-15 22:30:11,391 Exiting Kaleido/Choreo.
2026-06-15 22:30:11,391 DPI helper failed for QC/nanoplots/barcode17/barcode17_WeightedLogTransformed_HistogramReadlength.png: ('The browser seemed to close immediately after starting.', 'You can set the `logging.Logger` level lower to see more output.', 'You may try installing a known working copy of Chrome by running ', '`$ choreo_get_chrome`.It may be your browser auto-updated and will now work upon restart. The browser we tried to start is located at /home/wolchear/.local/share/choreographer/deps/chrome-linux64/chrome.'); falling back to explicit px size
2026-06-15 22:30:11,394 Chromium init'ed with kwargs {}
2026-06-15 22:30:11,394 Found chromium path: /home/wolchear/.local/share/choreographer/deps/chrome-linux64/chrome
2026-06-15 22:30:11,394 Temp directory created: /tmp/tmpg8n7_6qr.
2026-06-15 22:30:11,394 Opening browser.
2026-06-15 22:30:11,395 Temp directory created: /tmp/tmp23jl_pnk.
2026-06-15 22:30:11,395 Temporary directory at: /tmp/tmp23jl_pnk
2026-06-15 22:30:11,458 TemporaryDirectory.cleanup() worked.
2026-06-15 22:30:11,458 shutil.rmtree worked.
2026-06-15 22:30:11,458 Closing browser.
2026-06-15 22:30:11,467 TemporaryDirectory.cleanup() worked.
2026-06-15 22:30:11,467 shutil.rmtree worked.
2026-06-15 22:30:11,467 Cancelling tasks.
2026-06-15 22:30:11,467 Exiting Kaleido/Choreo.
2026-06-15 22:30:11,468 No static plots are saved due to an export problem:
2026-06-15 22:30:11,468 ('The browser seemed to close immediately after starting.', 'You can set the `logging.Logger` level lower to see more output.', 'You may try installing a known working copy of Chrome by running ', '`$ choreo_get_chrome`.It may be your browser auto-updated and will now work upon restart. The browser we tried to start is located at /home/wolchear/.local/share/choreographer/deps/chrome-linux64/chrome.')
2026-06-15 22:30:11,470 TemporaryDirectory.cleanup() worked.
2026-06-15 22:30:11,470 shutil.rmtree worked.
2026-06-15 22:30:11,470 TemporaryDirectory.cleanup() worked.
2026-06-15 22:30:11,470 shutil.rmtree worked.
2026-06-15 22:30:11,511 Chromium init'ed with kwargs {}
2026-06-15 22:30:11,512 Found chromium path: /home/wolchear/.local/share/choreographer/deps/chrome-linux64/chrome
2026-06-15 22:30:11,512 Temp directory created: /tmp/tmpp8c0hjk8.
2026-06-15 22:30:11,512 Opening browser.
2026-06-15 22:30:11,513 Temp directory created: /tmp/tmpppuyx_pf.
2026-06-15 22:30:11,513 Temporary directory at: /tmp/tmpppuyx_pf
2026-06-15 22:30:11,573 TemporaryDirectory.cleanup() worked.
2026-06-15 22:30:11,574 shutil.rmtree worked.
2026-06-15 22:30:11,574 Closing browser.
2026-06-15 22:30:11,579 TemporaryDirectory.cleanup() worked.
2026-06-15 22:30:11,579 shutil.rmtree worked.
2026-06-15 22:30:11,579 Cancelling tasks.
2026-06-15 22:30:11,580 Exiting Kaleido/Choreo.
2026-06-15 22:30:11,580 DPI helper failed for QC/nanoplots/barcode17/barcode17_Non_weightedHistogramReadlength.png: ('The browser seemed to close immediately after starting.', 'You can set the `logging.Logger` level lower to see more output.', 'You may try installing a known working copy of Chrome by running ', '`$ choreo_get_chrome`.It may be your browser auto-updated and will now work upon restart. The browser we tried to start is located at /home/wolchear/.local/share/choreographer/deps/chrome-linux64/chrome.'); falling back to explicit px size
2026-06-15 22:30:11,582 Chromium init'ed with kwargs {}
2026-06-15 22:30:11,582 Found chromium path: /home/wolchear/.local/share/choreographer/deps/chrome-linux64/chrome
2026-06-15 22:30:11,583 Temp directory created: /tmp/tmptp94hi9z.
2026-06-15 22:30:11,583 Opening browser.
2026-06-15 22:30:11,583 Temp directory created: /tmp/tmpqvvfrwqs.
2026-06-15 22:30:11,584 Temporary directory at: /tmp/tmpqvvfrwqs
2026-06-15 22:30:11,643 TemporaryDirectory.cleanup() worked.
2026-06-15 22:30:11,644 shutil.rmtree worked.
2026-06-15 22:30:11,644 Closing browser.
2026-06-15 22:30:11,652 TemporaryDirectory.cleanup() worked.
2026-06-15 22:30:11,653 shutil.rmtree worked.
2026-06-15 22:30:11,653 Cancelling tasks.
2026-06-15 22:30:11,653 Exiting Kaleido/Choreo.
2026-06-15 22:30:11,653 No static plots are saved due to an export problem:
2026-06-15 22:30:11,653 ('The browser seemed to close immediately after starting.', 'You can set the `logging.Logger` level lower to see more output.', 'You may try installing a known working copy of Chrome by running ', '`$ choreo_get_chrome`.It may be your browser auto-updated and will now work upon restart. The browser we tried to start is located at /home/wolchear/.local/share/choreographer/deps/chrome-linux64/chrome.')
2026-06-15 22:30:11,662 TemporaryDirectory.cleanup() worked.
2026-06-15 22:30:11,662 shutil.rmtree worked.
2026-06-15 22:30:11,662 TemporaryDirectory.cleanup() worked.
2026-06-15 22:30:11,662 shutil.rmtree worked.
2026-06-15 22:30:11,706 Chromium init'ed with kwargs {}
2026-06-15 22:30:11,706 Found chromium path: /home/wolchear/.local/share/choreographer/deps/chrome-linux64/chrome
2026-06-15 22:30:11,706 Temp directory created: /tmp/tmpa66tmy_l.
2026-06-15 22:30:11,707 Opening browser.
2026-06-15 22:30:11,707 Temp directory created: /tmp/tmpwrfkax31.
2026-06-15 22:30:11,708 Temporary directory at: /tmp/tmpwrfkax31
2026-06-15 22:30:11,768 TemporaryDirectory.cleanup() worked.
2026-06-15 22:30:11,768 shutil.rmtree worked.
2026-06-15 22:30:11,768 Closing browser.
2026-06-15 22:30:11,778 TemporaryDirectory.cleanup() worked.
2026-06-15 22:30:11,778 shutil.rmtree worked.
2026-06-15 22:30:11,778 Cancelling tasks.
2026-06-15 22:30:11,778 Exiting Kaleido/Choreo.
2026-06-15 22:30:11,778 DPI helper failed for QC/nanoplots/barcode17/barcode17_Non_weightedLogTransformed_HistogramReadlength.png: ('The browser seemed to close immediately after starting.', 'You can set the `logging.Logger` level lower to see more output.', 'You may try installing a known working copy of Chrome by running ', '`$ choreo_get_chrome`.It may be your browser auto-updated and will now work upon restart. The browser we tried to start is located at /home/wolchear/.local/share/choreographer/deps/chrome-linux64/chrome.'); falling back to explicit px size
2026-06-15 22:30:11,781 Chromium init'ed with kwargs {}
2026-06-15 22:30:11,781 Found chromium path: /home/wolchear/.local/share/choreographer/deps/chrome-linux64/chrome
2026-06-15 22:30:11,781 Temp directory created: /tmp/tmpg7__lpdo.
2026-06-15 22:30:11,782 Opening browser.
2026-06-15 22:30:11,782 Temp directory created: /tmp/tmprtkxobx3.
2026-06-15 22:30:11,782 Temporary directory at: /tmp/tmprtkxobx3
2026-06-15 22:30:11,843 TemporaryDirectory.cleanup() worked.
2026-06-15 22:30:11,843 shutil.rmtree worked.
2026-06-15 22:30:11,849 TemporaryDirectory.cleanup() worked.
2026-06-15 22:30:11,849 shutil.rmtree worked.
2026-06-15 22:30:11,849 Closing browser.
2026-06-15 22:30:11,859 TemporaryDirectory.cleanup() worked.
2026-06-15 22:30:11,859 shutil.rmtree worked.
2026-06-15 22:30:11,859 Cancelling tasks.
2026-06-15 22:30:11,859 Exiting Kaleido/Choreo.
2026-06-15 22:30:11,860 No static plots are saved due to an export problem:
2026-06-15 22:30:11,860 ('The browser seemed to close immediately after starting.', 'You can set the `logging.Logger` level lower to see more output.', 'You may try installing a known working copy of Chrome by running ', '`$ choreo_get_chrome`.It may be your browser auto-updated and will now work upon restart. The browser we tried to start is located at /home/wolchear/.local/share/choreographer/deps/chrome-linux64/chrome.')
2026-06-15 22:30:11,860 NanoPlot: Creating yield by minimal length plot for Read length.
2026-06-15 22:30:11,997 Chromium init'ed with kwargs {}
2026-06-15 22:30:11,998 Found chromium path: /home/wolchear/.local/share/choreographer/deps/chrome-linux64/chrome
2026-06-15 22:30:11,998 Temp directory created: /tmp/tmpne_zdt22.
2026-06-15 22:30:11,998 Opening browser.
2026-06-15 22:30:12,001 Temp directory created: /tmp/tmps2ybssip.
2026-06-15 22:30:12,001 Temporary directory at: /tmp/tmps2ybssip
2026-06-15 22:30:12,062 TemporaryDirectory.cleanup() worked.
2026-06-15 22:30:12,062 shutil.rmtree worked.
2026-06-15 22:30:12,062 Closing browser.
2026-06-15 22:30:12,071 TemporaryDirectory.cleanup() worked.
2026-06-15 22:30:12,071 shutil.rmtree worked.
2026-06-15 22:30:12,072 Cancelling tasks.
2026-06-15 22:30:12,072 Exiting Kaleido/Choreo.
2026-06-15 22:30:12,072 DPI helper failed for QC/nanoplots/barcode17/barcode17_Yield_By_Length.png: ('The browser seemed to close immediately after starting.', 'You can set the `logging.Logger` level lower to see more output.', 'You may try installing a known working copy of Chrome by running ', '`$ choreo_get_chrome`.It may be your browser auto-updated and will now work upon restart. The browser we tried to start is located at /home/wolchear/.local/share/choreographer/deps/chrome-linux64/chrome.'); falling back to explicit px size
2026-06-15 22:30:12,076 Chromium init'ed with kwargs {}
2026-06-15 22:30:12,076 Found chromium path: /home/wolchear/.local/share/choreographer/deps/chrome-linux64/chrome
2026-06-15 22:30:12,076 Temp directory created: /tmp/tmp1xdkr9_j.
2026-06-15 22:30:12,077 Opening browser.
2026-06-15 22:30:12,078 Temp directory created: /tmp/tmp1_3_rinn.
2026-06-15 22:30:12,078 Temporary directory at: /tmp/tmp1_3_rinn
2026-06-15 22:30:12,139 TemporaryDirectory.cleanup() worked.
2026-06-15 22:30:12,140 shutil.rmtree worked.
2026-06-15 22:30:12,140 Closing browser.
2026-06-15 22:30:12,148 TemporaryDirectory.cleanup() worked.
2026-06-15 22:30:12,148 shutil.rmtree worked.
2026-06-15 22:30:12,149 Cancelling tasks.
2026-06-15 22:30:12,149 Exiting Kaleido/Choreo.
2026-06-15 22:30:12,149 No static plots are saved due to an export problem:
2026-06-15 22:30:12,149 ('The browser seemed to close immediately after starting.', 'You can set the `logging.Logger` level lower to see more output.', 'You may try installing a known working copy of Chrome by running ', '`$ choreo_get_chrome`.It may be your browser auto-updated and will now work upon restart. The browser we tried to start is located at /home/wolchear/.local/share/choreographer/deps/chrome-linux64/chrome.')
2026-06-15 22:30:12,149 Created length plots
2026-06-15 22:30:12,150 NanoPlot: Creating Read lengths vs Average read quality plots using 3443 reads.
2026-06-15 22:30:12,162 TemporaryDirectory.cleanup() worked.
2026-06-15 22:30:12,162 shutil.rmtree worked.
2026-06-15 22:30:12,162 TemporaryDirectory.cleanup() worked.
2026-06-15 22:30:12,162 shutil.rmtree worked.
2026-06-15 22:30:12,236 Chromium init'ed with kwargs {}
2026-06-15 22:30:12,237 Found chromium path: /home/wolchear/.local/share/choreographer/deps/chrome-linux64/chrome
2026-06-15 22:30:12,237 Temp directory created: /tmp/tmp8okamdcb.
2026-06-15 22:30:12,237 Opening browser.
2026-06-15 22:30:12,238 Temp directory created: /tmp/tmp_o9hxsdb.
2026-06-15 22:30:12,238 Temporary directory at: /tmp/tmp_o9hxsdb
2026-06-15 22:30:12,299 TemporaryDirectory.cleanup() worked.
2026-06-15 22:30:12,299 shutil.rmtree worked.
2026-06-15 22:30:12,300 Closing browser.
2026-06-15 22:30:12,309 TemporaryDirectory.cleanup() worked.
2026-06-15 22:30:12,309 shutil.rmtree worked.
2026-06-15 22:30:12,309 Cancelling tasks.
2026-06-15 22:30:12,309 Exiting Kaleido/Choreo.
2026-06-15 22:30:12,309 DPI helper failed for QC/nanoplots/barcode17/barcode17_LengthvsQualityScatterPlot_dot.png: ('The browser seemed to close immediately after starting.', 'You can set the `logging.Logger` level lower to see more output.', 'You may try installing a known working copy of Chrome by running ', '`$ choreo_get_chrome`.It may be your browser auto-updated and will now work upon restart. The browser we tried to start is located at /home/wolchear/.local/share/choreographer/deps/chrome-linux64/chrome.'); falling back to explicit px size
2026-06-15 22:30:12,312 TemporaryDirectory.cleanup() worked.
2026-06-15 22:30:12,312 shutil.rmtree worked.
2026-06-15 22:30:12,313 Chromium init'ed with kwargs {}
2026-06-15 22:30:12,313 Found chromium path: /home/wolchear/.local/share/choreographer/deps/chrome-linux64/chrome
2026-06-15 22:30:12,313 Temp directory created: /tmp/tmpglsx3pq3.
2026-06-15 22:30:12,313 Opening browser.
2026-06-15 22:30:12,314 Temp directory created: /tmp/tmplvss4uff.
2026-06-15 22:30:12,314 Temporary directory at: /tmp/tmplvss4uff
2026-06-15 22:30:12,374 TemporaryDirectory.cleanup() worked.
2026-06-15 22:30:12,374 shutil.rmtree worked.
2026-06-15 22:30:12,374 Closing browser.
2026-06-15 22:30:12,384 TemporaryDirectory.cleanup() worked.
2026-06-15 22:30:12,384 shutil.rmtree worked.
2026-06-15 22:30:12,384 Cancelling tasks.
2026-06-15 22:30:12,384 Exiting Kaleido/Choreo.
2026-06-15 22:30:12,384 No static plots are saved due to an export problem:
2026-06-15 22:30:12,384 ('The browser seemed to close immediately after starting.', 'You can set the `logging.Logger` level lower to see more output.', 'You may try installing a known working copy of Chrome by running ', '`$ choreo_get_chrome`.It may be your browser auto-updated and will now work upon restart. The browser we tried to start is located at /home/wolchear/.local/share/choreographer/deps/chrome-linux64/chrome.')
2026-06-15 22:30:12,385 Created LengthvsQual plot
2026-06-15 22:30:12,385 Writing html report.
2026-06-15 22:30:12,392 Finished!
2026-06-15 22:30:12,433 TemporaryDirectory.cleanup() worked.
2026-06-15 22:30:12,434 shutil.rmtree worked.
2026-06-15 22:30:12,434 TemporaryDirectory.cleanup() worked.
2026-06-15 22:30:12,434 shutil.rmtree worked.
