2026-06-15 22:31:04,256 NanoPlot 1.47.0 started with arguments Namespace(threads=4, verbose=False, store=False, raw=False, huge=False, outdir='QC/nanoplots/barcode09', no_static=False, prefix='barcode09_', tsv_stats=False, only_report=False, info_in_report=False, maxlength=None, minlength=None, drop_outliers=False, downsample=None, loglength=False, percentqual=False, alength=False, minqual=None, runtime_until=None, readtype='1D', barcoded=False, no_supplementary=False, color='#4CB391', colormap='Greens', format=['png'], plots=['dot'], legacy=None, listcolors=False, listcolormaps=False, no_N50=False, N50=True, title='barcode09_trimmed_primers', font_scale=1, dpi=300, hide_stats=False, fastq=['data/trimmed_primers/barcode09.fastq.gz'], fasta=None, fastq_rich=None, fastq_minimal=None, summary=None, bam=None, ubam=None, cram=None, pickle=None, feather=None, path='QC/nanoplots/barcode09/barcode09_')
2026-06-15 22:31:04,256 Python version is: 3.13.14 | packaged by conda-forge | (main, Jun 12 2026, 09:50:25) [GCC 14.3.0]
2026-06-15 22:31:04,300 Nanoget: Starting to collect statistics from plain fastq file.
2026-06-15 22:31:04,301 Nanoget: Decompressing gzipped fastq data/trimmed_primers/barcode09.fastq.gz
2026-06-15 22:31:04,773 Reduced DataFrame memory usage from 0.14387893676757812Mb to 0.14387893676757812Mb
2026-06-15 22:31:04,785 Nanoget: Gathered all metrics of 9421 reads
2026-06-15 22:31:04,809 Calculated statistics
2026-06-15 22:31:04,810 Using sequenced read lengths for plotting.
2026-06-15 22:31:04,811 NanoPlot:  Valid color #4CB391.
2026-06-15 22:31:04,812 NanoPlot:  Valid colormap Greens.
2026-06-15 22:31:04,812 NanoPlot:  Creating length plots for Read length.
2026-06-15 22:31:04,812 NanoPlot: Using 9421 reads with read length N50 of 875bp and maximum of 2321bp.
2026-06-15 22:31:04,941 Chromium init'ed with kwargs {}
2026-06-15 22:31:04,941 Found chromium path: /home/wolchear/.local/share/choreographer/deps/chrome-linux64/chrome
2026-06-15 22:31:04,943 Temp directory created: /tmp/tmpzrcd91nf.
2026-06-15 22:31:04,943 Opening browser.
2026-06-15 22:31:04,944 Temp directory created: /tmp/tmpcvy53hxx.
2026-06-15 22:31:04,945 Temporary directory at: /tmp/tmpcvy53hxx
2026-06-15 22:31:05,018 TemporaryDirectory.cleanup() worked.
2026-06-15 22:31:05,018 shutil.rmtree worked.
2026-06-15 22:31:05,018 Closing browser.
2026-06-15 22:31:05,027 TemporaryDirectory.cleanup() worked.
2026-06-15 22:31:05,027 shutil.rmtree worked.
2026-06-15 22:31:05,027 Cancelling tasks.
2026-06-15 22:31:05,028 Exiting Kaleido/Choreo.
2026-06-15 22:31:05,028 DPI helper failed for QC/nanoplots/barcode09/barcode09_WeightedHistogramReadlength.png: ('The browser seemed to close immediately after starting.', 'You can set the `logging.Logger` level lower to see more output.', 'You may try installing a known working copy of Chrome by running ', '`$ choreo_get_chrome`.It may be your browser auto-updated and will now work upon restart. The browser we tried to start is located at /home/wolchear/.local/share/choreographer/deps/chrome-linux64/chrome.'); falling back to explicit px size
2026-06-15 22:31:05,030 Chromium init'ed with kwargs {}
2026-06-15 22:31:05,030 Found chromium path: /home/wolchear/.local/share/choreographer/deps/chrome-linux64/chrome
2026-06-15 22:31:05,031 Temp directory created: /tmp/tmp0qarv1ne.
2026-06-15 22:31:05,031 Opening browser.
2026-06-15 22:31:05,032 Temp directory created: /tmp/tmpdjsfhf__.
2026-06-15 22:31:05,032 Temporary directory at: /tmp/tmpdjsfhf__
2026-06-15 22:31:05,107 TemporaryDirectory.cleanup() worked.
2026-06-15 22:31:05,108 shutil.rmtree worked.
2026-06-15 22:31:05,108 Closing browser.
2026-06-15 22:31:05,125 TemporaryDirectory.cleanup() worked.
2026-06-15 22:31:05,125 shutil.rmtree worked.
2026-06-15 22:31:05,125 Cancelling tasks.
2026-06-15 22:31:05,126 Exiting Kaleido/Choreo.
2026-06-15 22:31:05,126 No static plots are saved due to an export problem:
2026-06-15 22:31:05,126 ('The browser seemed to close immediately after starting.', 'You can set the `logging.Logger` level lower to see more output.', 'You may try installing a known working copy of Chrome by running ', '`$ choreo_get_chrome`.It may be your browser auto-updated and will now work upon restart. The browser we tried to start is located at /home/wolchear/.local/share/choreographer/deps/chrome-linux64/chrome.')
2026-06-15 22:31:05,131 TemporaryDirectory.cleanup() worked.
2026-06-15 22:31:05,131 shutil.rmtree worked.
2026-06-15 22:31:05,131 TemporaryDirectory.cleanup() worked.
2026-06-15 22:31:05,131 shutil.rmtree worked.
2026-06-15 22:31:05,176 Chromium init'ed with kwargs {}
2026-06-15 22:31:05,177 Found chromium path: /home/wolchear/.local/share/choreographer/deps/chrome-linux64/chrome
2026-06-15 22:31:05,177 Temp directory created: /tmp/tmp5tvkceg_.
2026-06-15 22:31:05,177 Opening browser.
2026-06-15 22:31:05,178 Temp directory created: /tmp/tmpqu66npgl.
2026-06-15 22:31:05,178 Temporary directory at: /tmp/tmpqu66npgl
2026-06-15 22:31:05,239 TemporaryDirectory.cleanup() worked.
2026-06-15 22:31:05,239 shutil.rmtree worked.
2026-06-15 22:31:05,239 Closing browser.
2026-06-15 22:31:05,248 TemporaryDirectory.cleanup() worked.
2026-06-15 22:31:05,248 shutil.rmtree worked.
2026-06-15 22:31:05,248 Cancelling tasks.
2026-06-15 22:31:05,248 Exiting Kaleido/Choreo.
2026-06-15 22:31:05,248 DPI helper failed for QC/nanoplots/barcode09/barcode09_WeightedLogTransformed_HistogramReadlength.png: ('The browser seemed to close immediately after starting.', 'You can set the `logging.Logger` level lower to see more output.', 'You may try installing a known working copy of Chrome by running ', '`$ choreo_get_chrome`.It may be your browser auto-updated and will now work upon restart. The browser we tried to start is located at /home/wolchear/.local/share/choreographer/deps/chrome-linux64/chrome.'); falling back to explicit px size
2026-06-15 22:31:05,250 Chromium init'ed with kwargs {}
2026-06-15 22:31:05,251 Found chromium path: /home/wolchear/.local/share/choreographer/deps/chrome-linux64/chrome
2026-06-15 22:31:05,251 Temp directory created: /tmp/tmppwr6l9j8.
2026-06-15 22:31:05,251 Opening browser.
2026-06-15 22:31:05,252 Temp directory created: /tmp/tmpru2gwwrr.
2026-06-15 22:31:05,252 Temporary directory at: /tmp/tmpru2gwwrr
2026-06-15 22:31:05,317 TemporaryDirectory.cleanup() worked.
2026-06-15 22:31:05,317 shutil.rmtree worked.
2026-06-15 22:31:05,317 Closing browser.
2026-06-15 22:31:05,326 TemporaryDirectory.cleanup() worked.
2026-06-15 22:31:05,326 shutil.rmtree worked.
2026-06-15 22:31:05,326 Cancelling tasks.
2026-06-15 22:31:05,326 Exiting Kaleido/Choreo.
2026-06-15 22:31:05,326 No static plots are saved due to an export problem:
2026-06-15 22:31:05,326 ('The browser seemed to close immediately after starting.', 'You can set the `logging.Logger` level lower to see more output.', 'You may try installing a known working copy of Chrome by running ', '`$ choreo_get_chrome`.It may be your browser auto-updated and will now work upon restart. The browser we tried to start is located at /home/wolchear/.local/share/choreographer/deps/chrome-linux64/chrome.')
2026-06-15 22:31:05,328 TemporaryDirectory.cleanup() worked.
2026-06-15 22:31:05,329 shutil.rmtree worked.
2026-06-15 22:31:05,329 TemporaryDirectory.cleanup() worked.
2026-06-15 22:31:05,329 shutil.rmtree worked.
2026-06-15 22:31:05,371 Chromium init'ed with kwargs {}
2026-06-15 22:31:05,371 Found chromium path: /home/wolchear/.local/share/choreographer/deps/chrome-linux64/chrome
2026-06-15 22:31:05,372 Temp directory created: /tmp/tmpxinkft8j.
2026-06-15 22:31:05,372 Opening browser.
2026-06-15 22:31:05,373 Temp directory created: /tmp/tmpzsohe010.
2026-06-15 22:31:05,373 Temporary directory at: /tmp/tmpzsohe010
2026-06-15 22:31:05,433 TemporaryDirectory.cleanup() worked.
2026-06-15 22:31:05,434 shutil.rmtree worked.
2026-06-15 22:31:05,434 Closing browser.
2026-06-15 22:31:05,443 TemporaryDirectory.cleanup() worked.
2026-06-15 22:31:05,443 shutil.rmtree worked.
2026-06-15 22:31:05,443 Cancelling tasks.
2026-06-15 22:31:05,443 Exiting Kaleido/Choreo.
2026-06-15 22:31:05,444 DPI helper failed for QC/nanoplots/barcode09/barcode09_Non_weightedHistogramReadlength.png: ('The browser seemed to close immediately after starting.', 'You can set the `logging.Logger` level lower to see more output.', 'You may try installing a known working copy of Chrome by running ', '`$ choreo_get_chrome`.It may be your browser auto-updated and will now work upon restart. The browser we tried to start is located at /home/wolchear/.local/share/choreographer/deps/chrome-linux64/chrome.'); falling back to explicit px size
2026-06-15 22:31:05,446 Chromium init'ed with kwargs {}
2026-06-15 22:31:05,446 Found chromium path: /home/wolchear/.local/share/choreographer/deps/chrome-linux64/chrome
2026-06-15 22:31:05,446 Temp directory created: /tmp/tmplfjazmop.
2026-06-15 22:31:05,447 Opening browser.
2026-06-15 22:31:05,447 Temp directory created: /tmp/tmpw0yzilgo.
2026-06-15 22:31:05,447 Temporary directory at: /tmp/tmpw0yzilgo
2026-06-15 22:31:05,511 TemporaryDirectory.cleanup() worked.
2026-06-15 22:31:05,511 shutil.rmtree worked.
2026-06-15 22:31:05,511 Closing browser.
2026-06-15 22:31:05,520 TemporaryDirectory.cleanup() worked.
2026-06-15 22:31:05,520 shutil.rmtree worked.
2026-06-15 22:31:05,520 Cancelling tasks.
2026-06-15 22:31:05,520 Exiting Kaleido/Choreo.
2026-06-15 22:31:05,520 No static plots are saved due to an export problem:
2026-06-15 22:31:05,520 ('The browser seemed to close immediately after starting.', 'You can set the `logging.Logger` level lower to see more output.', 'You may try installing a known working copy of Chrome by running ', '`$ choreo_get_chrome`.It may be your browser auto-updated and will now work upon restart. The browser we tried to start is located at /home/wolchear/.local/share/choreographer/deps/chrome-linux64/chrome.')
2026-06-15 22:31:05,531 TemporaryDirectory.cleanup() worked.
2026-06-15 22:31:05,531 shutil.rmtree worked.
2026-06-15 22:31:05,531 TemporaryDirectory.cleanup() worked.
2026-06-15 22:31:05,532 shutil.rmtree worked.
2026-06-15 22:31:05,574 Chromium init'ed with kwargs {}
2026-06-15 22:31:05,574 Found chromium path: /home/wolchear/.local/share/choreographer/deps/chrome-linux64/chrome
2026-06-15 22:31:05,575 Temp directory created: /tmp/tmpl1fq4uy1.
2026-06-15 22:31:05,575 Opening browser.
2026-06-15 22:31:05,576 Temp directory created: /tmp/tmp1pm1606s.
2026-06-15 22:31:05,576 Temporary directory at: /tmp/tmp1pm1606s
2026-06-15 22:31:05,640 TemporaryDirectory.cleanup() worked.
2026-06-15 22:31:05,641 shutil.rmtree worked.
2026-06-15 22:31:05,641 Closing browser.
2026-06-15 22:31:05,649 TemporaryDirectory.cleanup() worked.
2026-06-15 22:31:05,649 shutil.rmtree worked.
2026-06-15 22:31:05,649 Cancelling tasks.
2026-06-15 22:31:05,650 Exiting Kaleido/Choreo.
2026-06-15 22:31:05,650 DPI helper failed for QC/nanoplots/barcode09/barcode09_Non_weightedLogTransformed_HistogramReadlength.png: ('The browser seemed to close immediately after starting.', 'You can set the `logging.Logger` level lower to see more output.', 'You may try installing a known working copy of Chrome by running ', '`$ choreo_get_chrome`.It may be your browser auto-updated and will now work upon restart. The browser we tried to start is located at /home/wolchear/.local/share/choreographer/deps/chrome-linux64/chrome.'); falling back to explicit px size
2026-06-15 22:31:05,652 Chromium init'ed with kwargs {}
2026-06-15 22:31:05,652 Found chromium path: /home/wolchear/.local/share/choreographer/deps/chrome-linux64/chrome
2026-06-15 22:31:05,653 Temp directory created: /tmp/tmplpqggi2a.
2026-06-15 22:31:05,653 Opening browser.
2026-06-15 22:31:05,654 Temp directory created: /tmp/tmphl_qqpuw.
2026-06-15 22:31:05,654 Temporary directory at: /tmp/tmphl_qqpuw
2026-06-15 22:31:05,731 TemporaryDirectory.cleanup() worked.
2026-06-15 22:31:05,731 shutil.rmtree worked.
2026-06-15 22:31:05,741 TemporaryDirectory.cleanup() worked.
2026-06-15 22:31:05,741 shutil.rmtree worked.
2026-06-15 22:31:05,742 Closing browser.
2026-06-15 22:31:05,759 TemporaryDirectory.cleanup() worked.
2026-06-15 22:31:05,759 shutil.rmtree worked.
2026-06-15 22:31:05,759 Cancelling tasks.
2026-06-15 22:31:05,760 Exiting Kaleido/Choreo.
2026-06-15 22:31:05,760 No static plots are saved due to an export problem:
2026-06-15 22:31:05,760 ('The browser seemed to close immediately after starting.', 'You can set the `logging.Logger` level lower to see more output.', 'You may try installing a known working copy of Chrome by running ', '`$ choreo_get_chrome`.It may be your browser auto-updated and will now work upon restart. The browser we tried to start is located at /home/wolchear/.local/share/choreographer/deps/chrome-linux64/chrome.')
2026-06-15 22:31:05,760 NanoPlot: Creating yield by minimal length plot for Read length.
2026-06-15 22:31:05,933 Chromium init'ed with kwargs {}
2026-06-15 22:31:05,933 Found chromium path: /home/wolchear/.local/share/choreographer/deps/chrome-linux64/chrome
2026-06-15 22:31:05,934 Temp directory created: /tmp/tmpxxx9mdnx.
2026-06-15 22:31:05,934 Opening browser.
2026-06-15 22:31:05,935 Temp directory created: /tmp/tmpm3_uyqjs.
2026-06-15 22:31:05,935 Temporary directory at: /tmp/tmpm3_uyqjs
2026-06-15 22:31:05,999 TemporaryDirectory.cleanup() worked.
2026-06-15 22:31:05,999 shutil.rmtree worked.
2026-06-15 22:31:05,999 Closing browser.
2026-06-15 22:31:06,008 TemporaryDirectory.cleanup() worked.
2026-06-15 22:31:06,008 shutil.rmtree worked.
2026-06-15 22:31:06,008 Cancelling tasks.
2026-06-15 22:31:06,008 Exiting Kaleido/Choreo.
2026-06-15 22:31:06,008 DPI helper failed for QC/nanoplots/barcode09/barcode09_Yield_By_Length.png: ('The browser seemed to close immediately after starting.', 'You can set the `logging.Logger` level lower to see more output.', 'You may try installing a known working copy of Chrome by running ', '`$ choreo_get_chrome`.It may be your browser auto-updated and will now work upon restart. The browser we tried to start is located at /home/wolchear/.local/share/choreographer/deps/chrome-linux64/chrome.'); falling back to explicit px size
2026-06-15 22:31:06,011 Chromium init'ed with kwargs {}
2026-06-15 22:31:06,011 Found chromium path: /home/wolchear/.local/share/choreographer/deps/chrome-linux64/chrome
2026-06-15 22:31:06,011 Temp directory created: /tmp/tmpwej5zb0_.
2026-06-15 22:31:06,012 Opening browser.
2026-06-15 22:31:06,012 Temp directory created: /tmp/tmp9iril_3b.
2026-06-15 22:31:06,012 Temporary directory at: /tmp/tmp9iril_3b
2026-06-15 22:31:06,075 TemporaryDirectory.cleanup() worked.
2026-06-15 22:31:06,075 shutil.rmtree worked.
2026-06-15 22:31:06,075 Closing browser.
2026-06-15 22:31:06,084 TemporaryDirectory.cleanup() worked.
2026-06-15 22:31:06,084 shutil.rmtree worked.
2026-06-15 22:31:06,084 Cancelling tasks.
2026-06-15 22:31:06,084 Exiting Kaleido/Choreo.
2026-06-15 22:31:06,084 No static plots are saved due to an export problem:
2026-06-15 22:31:06,084 ('The browser seemed to close immediately after starting.', 'You can set the `logging.Logger` level lower to see more output.', 'You may try installing a known working copy of Chrome by running ', '`$ choreo_get_chrome`.It may be your browser auto-updated and will now work upon restart. The browser we tried to start is located at /home/wolchear/.local/share/choreographer/deps/chrome-linux64/chrome.')
2026-06-15 22:31:06,084 Created length plots
2026-06-15 22:31:06,085 NanoPlot: Creating Read lengths vs Average read quality plots using 9421 reads.
2026-06-15 22:31:06,099 TemporaryDirectory.cleanup() worked.
2026-06-15 22:31:06,099 shutil.rmtree worked.
2026-06-15 22:31:06,099 TemporaryDirectory.cleanup() worked.
2026-06-15 22:31:06,099 shutil.rmtree worked.
2026-06-15 22:31:06,176 Chromium init'ed with kwargs {}
2026-06-15 22:31:06,176 Found chromium path: /home/wolchear/.local/share/choreographer/deps/chrome-linux64/chrome
2026-06-15 22:31:06,177 Temp directory created: /tmp/tmpkyjwufzw.
2026-06-15 22:31:06,177 Opening browser.
2026-06-15 22:31:06,178 Temp directory created: /tmp/tmpe4ig_bmj.
2026-06-15 22:31:06,178 Temporary directory at: /tmp/tmpe4ig_bmj
2026-06-15 22:31:06,241 TemporaryDirectory.cleanup() worked.
2026-06-15 22:31:06,241 shutil.rmtree worked.
2026-06-15 22:31:06,242 Closing browser.
2026-06-15 22:31:06,250 TemporaryDirectory.cleanup() worked.
2026-06-15 22:31:06,250 shutil.rmtree worked.
2026-06-15 22:31:06,250 Cancelling tasks.
2026-06-15 22:31:06,251 Exiting Kaleido/Choreo.
2026-06-15 22:31:06,251 DPI helper failed for QC/nanoplots/barcode09/barcode09_LengthvsQualityScatterPlot_dot.png: ('The browser seemed to close immediately after starting.', 'You can set the `logging.Logger` level lower to see more output.', 'You may try installing a known working copy of Chrome by running ', '`$ choreo_get_chrome`.It may be your browser auto-updated and will now work upon restart. The browser we tried to start is located at /home/wolchear/.local/share/choreographer/deps/chrome-linux64/chrome.'); falling back to explicit px size
2026-06-15 22:31:06,254 TemporaryDirectory.cleanup() worked.
2026-06-15 22:31:06,254 shutil.rmtree worked.
2026-06-15 22:31:06,254 Chromium init'ed with kwargs {}
2026-06-15 22:31:06,254 Found chromium path: /home/wolchear/.local/share/choreographer/deps/chrome-linux64/chrome
2026-06-15 22:31:06,255 Temp directory created: /tmp/tmpt5n5xco9.
2026-06-15 22:31:06,255 Opening browser.
2026-06-15 22:31:06,255 Temp directory created: /tmp/tmpr2gxj62f.
2026-06-15 22:31:06,256 Temporary directory at: /tmp/tmpr2gxj62f
2026-06-15 22:31:06,318 TemporaryDirectory.cleanup() worked.
2026-06-15 22:31:06,318 shutil.rmtree worked.
2026-06-15 22:31:06,319 Closing browser.
2026-06-15 22:31:06,327 TemporaryDirectory.cleanup() worked.
2026-06-15 22:31:06,327 shutil.rmtree worked.
2026-06-15 22:31:06,327 Cancelling tasks.
2026-06-15 22:31:06,327 Exiting Kaleido/Choreo.
2026-06-15 22:31:06,328 No static plots are saved due to an export problem:
2026-06-15 22:31:06,328 ('The browser seemed to close immediately after starting.', 'You can set the `logging.Logger` level lower to see more output.', 'You may try installing a known working copy of Chrome by running ', '`$ choreo_get_chrome`.It may be your browser auto-updated and will now work upon restart. The browser we tried to start is located at /home/wolchear/.local/share/choreographer/deps/chrome-linux64/chrome.')
2026-06-15 22:31:06,328 Created LengthvsQual plot
2026-06-15 22:31:06,328 Writing html report.
2026-06-15 22:31:06,345 Finished!
2026-06-15 22:31:06,388 TemporaryDirectory.cleanup() worked.
2026-06-15 22:31:06,389 shutil.rmtree worked.
2026-06-15 22:31:06,389 TemporaryDirectory.cleanup() worked.
2026-06-15 22:31:06,389 shutil.rmtree worked.
